Loading recipe: Village Elder NPC
Description: AI recipe for Village Elder NPC - wise keeper of ancient knowledge and quest giver
Parameters used to load this recipe:
   recipe_dir (built-in): /Users/mnovich/Development/claude-rpg-goose-npcs/recipes
   message: Hello
   context: test

running without session | provider: databricks model: goose-claude-4-sonnet
    working directory: /Users/mnovich/Development/claude-rpg-goose-npcs
[38;2;222;222;222m*[0m[38;2;222;222;222mThe aged Village Elder looks up from his ancient tome, his weathered eyes studying you with keen interest[0m[38;2;222;222;222m*[0m

[38;2;222;222;222m"Greetings, traveler. I sense you carry the spirit of adventure within you - perhaps the fates have brought you to our humble village in this time of growing darkness."[0m
